// Vitest Snapshot v1, https://vitest.dev/guide/snapshot.html

exports[`utils > formatSummaryTests > should format tests with different statuses 1`] = `
"- <img src="https://allurecharts.qameta.workers.dev/dot?type=passed&size=8" /> passed [passed test](https://example.com/report/#test-1) (100ms)
- <img src="https://allurecharts.qameta.workers.dev/dot?type=failed&size=8" /> failed [failed test](https://example.com/report/#test-2) (150ms)
- <img src="https://allurecharts.qameta.workers.dev/dot?type=broken&size=8" /> broken [broken test](https://example.com/report/#test-3) (120ms)
- <img src="https://allurecharts.qameta.workers.dev/dot?type=skipped&size=8" /> skipped [skipped test](https://example.com/report/#test-4) (0s)
- <img src="https://allurecharts.qameta.workers.dev/dot?type=unknown&size=8" /> unknown [unknown test](https://example.com/report/#test-5) (80ms)"
`;

exports[`utils > formatSummaryTests > should format tests with remoteHref 1`] = `
"- <img src="https://allurecharts.qameta.workers.dev/dot?type=passed&size=8" /> passed [should pass](https://example.com/report/#test-1) (100ms)
- <img src="https://allurecharts.qameta.workers.dev/dot?type=failed&size=8" /> failed [should fail](https://example.com/report/#test-2) (150ms)"
`;

exports[`utils > formatSummaryTests > should format tests without remoteHref 1`] = `
"- <img src="https://allurecharts.qameta.workers.dev/dot?type=passed&size=8" /> passed should pass (100ms)
- <img src="https://allurecharts.qameta.workers.dev/dot?type=failed&size=8" /> failed should fail (150ms)"
`;

exports[`utils > formatSummaryTests > should handle empty tests array 1`] = `""`;

exports[`utils > generateSummaryMarkdownTable > should display all test types together in table format 1`] = `
"# Allure Report Summary
|  | Name | Duration | Stats | New | Flaky | Retry | Report |
|-|-|-|-|-|-|-|-|
| <img src="https://allurecharts.qameta.workers.dev/pie?passed=10&failed=2&broken=1&skipped=3&unknown=0&size=32" width="28px" height="28px" /> | Test Suite 1 | 5s 0ms | <img alt="Passed tests" src="https://allurecharts.qameta.workers.dev/dot?type=passed&size=8" />&nbsp;<span>10</span>&nbsp;&nbsp;&nbsp;<img alt="Failed tests" src="https://allurecharts.qameta.workers.dev/dot?type=failed&size=8" />&nbsp;<span>2</span>&nbsp;&nbsp;&nbsp;<img alt="Broken tests" src="https://allurecharts.qameta.workers.dev/dot?type=broken&size=8" />&nbsp;<span>1</span>&nbsp;&nbsp;&nbsp;<img alt="Skipped tests" src="https://allurecharts.qameta.workers.dev/dot?type=skipped&size=8" />&nbsp;<span>3</span> | <a href="https://example.com/report/?filter=new" target="_blank">1</a> | <a href="https://example.com/report/?filter=flaky" target="_blank">1</a> | <a href="https://example.com/report/?filter=retry" target="_blank">1</a> | <a href="https://example.com/report/" target="_blank">View</a> |"
`;

exports[`utils > generateSummaryMarkdownTable > should display flaky tests in table format 1`] = `
"# Allure Report Summary
|  | Name | Duration | Stats | New | Flaky | Retry | Report |
|-|-|-|-|-|-|-|-|
| <img src="https://allurecharts.qameta.workers.dev/pie?passed=10&failed=2&broken=1&skipped=3&unknown=0&size=32" width="28px" height="28px" /> | Test Suite 1 | 5s 0ms | <img alt="Passed tests" src="https://allurecharts.qameta.workers.dev/dot?type=passed&size=8" />&nbsp;<span>10</span>&nbsp;&nbsp;&nbsp;<img alt="Failed tests" src="https://allurecharts.qameta.workers.dev/dot?type=failed&size=8" />&nbsp;<span>2</span>&nbsp;&nbsp;&nbsp;<img alt="Broken tests" src="https://allurecharts.qameta.workers.dev/dot?type=broken&size=8" />&nbsp;<span>1</span>&nbsp;&nbsp;&nbsp;<img alt="Skipped tests" src="https://allurecharts.qameta.workers.dev/dot?type=skipped&size=8" />&nbsp;<span>3</span> | 0 | <a href="https://example.com/report/?filter=flaky" target="_blank">2</a> | 0 | <a href="https://example.com/report/" target="_blank">View</a> |"
`;

exports[`utils > generateSummaryMarkdownTable > should display new tests in table format 1`] = `
"# Allure Report Summary
|  | Name | Duration | Stats | New | Flaky | Retry | Report |
|-|-|-|-|-|-|-|-|
| <img src="https://allurecharts.qameta.workers.dev/pie?passed=10&failed=2&broken=1&skipped=3&unknown=0&size=32" width="28px" height="28px" /> | Test Suite 1 | 5s 0ms | <img alt="Passed tests" src="https://allurecharts.qameta.workers.dev/dot?type=passed&size=8" />&nbsp;<span>10</span>&nbsp;&nbsp;&nbsp;<img alt="Failed tests" src="https://allurecharts.qameta.workers.dev/dot?type=failed&size=8" />&nbsp;<span>2</span>&nbsp;&nbsp;&nbsp;<img alt="Broken tests" src="https://allurecharts.qameta.workers.dev/dot?type=broken&size=8" />&nbsp;<span>1</span>&nbsp;&nbsp;&nbsp;<img alt="Skipped tests" src="https://allurecharts.qameta.workers.dev/dot?type=skipped&size=8" />&nbsp;<span>3</span> | <a href="https://example.com/report/?filter=new" target="_blank">3</a> | 0 | 0 | <a href="https://example.com/report/" target="_blank">View</a> |"
`;

exports[`utils > generateSummaryMarkdownTable > should display retry tests in table format 1`] = `
"# Allure Report Summary
|  | Name | Duration | Stats | New | Flaky | Retry | Report |
|-|-|-|-|-|-|-|-|
| <img src="https://allurecharts.qameta.workers.dev/pie?passed=10&failed=2&broken=1&skipped=3&unknown=0&size=32" width="28px" height="28px" /> | Test Suite 1 | 5s 0ms | <img alt="Passed tests" src="https://allurecharts.qameta.workers.dev/dot?type=passed&size=8" />&nbsp;<span>10</span>&nbsp;&nbsp;&nbsp;<img alt="Failed tests" src="https://allurecharts.qameta.workers.dev/dot?type=failed&size=8" />&nbsp;<span>2</span>&nbsp;&nbsp;&nbsp;<img alt="Broken tests" src="https://allurecharts.qameta.workers.dev/dot?type=broken&size=8" />&nbsp;<span>1</span>&nbsp;&nbsp;&nbsp;<img alt="Skipped tests" src="https://allurecharts.qameta.workers.dev/dot?type=skipped&size=8" />&nbsp;<span>3</span> | 0 | 0 | <a href="https://example.com/report/?filter=retry" target="_blank">1</a> | <a href="https://example.com/report/" target="_blank">View</a> |"
`;

exports[`utils > generateSummaryMarkdownTable > should display tests with all possible statuses (passed, failed, broken, skipped, unknown) 1`] = `
"# Allure Report Summary
|  | Name | Duration | Stats | New | Flaky | Retry | Report |
|-|-|-|-|-|-|-|-|
| <img src="https://allurecharts.qameta.workers.dev/pie?passed=10&failed=2&broken=1&skipped=3&unknown=0&size=32" width="28px" height="28px" /> | Test Suite 1 | 5s 0ms | <img alt="Passed tests" src="https://allurecharts.qameta.workers.dev/dot?type=passed&size=8" />&nbsp;<span>10</span>&nbsp;&nbsp;&nbsp;<img alt="Failed tests" src="https://allurecharts.qameta.workers.dev/dot?type=failed&size=8" />&nbsp;<span>2</span>&nbsp;&nbsp;&nbsp;<img alt="Broken tests" src="https://allurecharts.qameta.workers.dev/dot?type=broken&size=8" />&nbsp;<span>1</span>&nbsp;&nbsp;&nbsp;<img alt="Skipped tests" src="https://allurecharts.qameta.workers.dev/dot?type=skipped&size=8" />&nbsp;<span>3</span> | <a href="https://example.com/report/?filter=new" target="_blank">5</a> | 0 | 0 | <a href="https://example.com/report/" target="_blank">View</a> |"
`;

exports[`utils > generateSummaryMarkdownTable > should display tests without remoteHref in table format 1`] = `
"# Allure Report Summary
|  | Name | Duration | Stats | New | Flaky | Retry | Report |
|-|-|-|-|-|-|-|-|
| <img src="https://allurecharts.qameta.workers.dev/pie?passed=10&failed=2&broken=1&skipped=3&unknown=0&size=32" width="28px" height="28px" /> | Test Suite 1 | 5s 0ms | <img alt="Passed tests" src="https://allurecharts.qameta.workers.dev/dot?type=passed&size=8" />&nbsp;<span>10</span>&nbsp;&nbsp;&nbsp;<img alt="Failed tests" src="https://allurecharts.qameta.workers.dev/dot?type=failed&size=8" />&nbsp;<span>2</span>&nbsp;&nbsp;&nbsp;<img alt="Broken tests" src="https://allurecharts.qameta.workers.dev/dot?type=broken&size=8" />&nbsp;<span>1</span>&nbsp;&nbsp;&nbsp;<img alt="Skipped tests" src="https://allurecharts.qameta.workers.dev/dot?type=skipped&size=8" />&nbsp;<span>3</span> | 1 | 0 | 0 |  |"
`;

exports[`utils > generateSummaryMarkdownTable > should generate a table for a single summary with remoteHref 1`] = `
"# Allure Report Summary
|  | Name | Duration | Stats | New | Flaky | Retry | Report |
|-|-|-|-|-|-|-|-|
| <img src="https://allurecharts.qameta.workers.dev/pie?passed=5&failed=0&broken=0&skipped=1&unknown=0&size=32" width="28px" height="28px" /> | Test Suite 2 | 3s 0ms | <img alt="Passed tests" src="https://allurecharts.qameta.workers.dev/dot?type=passed&size=8" />&nbsp;<span>5</span>&nbsp;&nbsp;&nbsp;<img alt="Skipped tests" src="https://allurecharts.qameta.workers.dev/dot?type=skipped&size=8" />&nbsp;<span>1</span> | 0 | 0 | 0 | <a href="https://example.com/report/" target="_blank">View</a> |"
`;

exports[`utils > generateSummaryMarkdownTable > should generate a table for a single summary without remoteHref 1`] = `
"# Allure Report Summary
|  | Name | Duration | Stats | New | Flaky | Retry | Report |
|-|-|-|-|-|-|-|-|
| <img src="https://allurecharts.qameta.workers.dev/pie?passed=10&failed=2&broken=1&skipped=3&unknown=0&size=32" width="28px" height="28px" /> | Test Suite 1 | 5s 0ms | <img alt="Passed tests" src="https://allurecharts.qameta.workers.dev/dot?type=passed&size=8" />&nbsp;<span>10</span>&nbsp;&nbsp;&nbsp;<img alt="Failed tests" src="https://allurecharts.qameta.workers.dev/dot?type=failed&size=8" />&nbsp;<span>2</span>&nbsp;&nbsp;&nbsp;<img alt="Broken tests" src="https://allurecharts.qameta.workers.dev/dot?type=broken&size=8" />&nbsp;<span>1</span>&nbsp;&nbsp;&nbsp;<img alt="Skipped tests" src="https://allurecharts.qameta.workers.dev/dot?type=skipped&size=8" />&nbsp;<span>3</span> | 0 | 0 | 0 |  |"
`;

exports[`utils > generateSummaryMarkdownTable > should generate a table for multiple summaries 1`] = `
"# Allure Report Summary
|  | Name | Duration | Stats | New | Flaky | Retry | Report |
|-|-|-|-|-|-|-|-|
| <img src="https://allurecharts.qameta.workers.dev/pie?passed=10&failed=2&broken=1&skipped=3&unknown=0&size=32" width="28px" height="28px" /> | Test Suite 1 | 5s 0ms | <img alt="Passed tests" src="https://allurecharts.qameta.workers.dev/dot?type=passed&size=8" />&nbsp;<span>10</span>&nbsp;&nbsp;&nbsp;<img alt="Failed tests" src="https://allurecharts.qameta.workers.dev/dot?type=failed&size=8" />&nbsp;<span>2</span>&nbsp;&nbsp;&nbsp;<img alt="Broken tests" src="https://allurecharts.qameta.workers.dev/dot?type=broken&size=8" />&nbsp;<span>1</span>&nbsp;&nbsp;&nbsp;<img alt="Skipped tests" src="https://allurecharts.qameta.workers.dev/dot?type=skipped&size=8" />&nbsp;<span>3</span> | 0 | 0 | 0 |  |
| <img src="https://allurecharts.qameta.workers.dev/pie?passed=5&failed=0&broken=0&skipped=1&unknown=0&size=32" width="28px" height="28px" /> | Test Suite 2 | 3s 0ms | <img alt="Passed tests" src="https://allurecharts.qameta.workers.dev/dot?type=passed&size=8" />&nbsp;<span>5</span>&nbsp;&nbsp;&nbsp;<img alt="Skipped tests" src="https://allurecharts.qameta.workers.dev/dot?type=skipped&size=8" />&nbsp;<span>1</span> | 0 | 0 | 0 | <a href="https://example.com/report/" target="_blank">View</a> |"
`;

exports[`utils > generateSummaryMarkdownTable > should handle complex durations 1`] = `
"# Allure Report Summary
|  | Name | Duration | Stats | New | Flaky | Retry | Report |
|-|-|-|-|-|-|-|-|
| <img src="https://allurecharts.qameta.workers.dev/pie?passed=10&failed=2&broken=1&skipped=3&unknown=0&size=32" width="28px" height="28px" /> | Test Suite 4 | 1h 1m | <img alt="Passed tests" src="https://allurecharts.qameta.workers.dev/dot?type=passed&size=8" />&nbsp;<span>10</span>&nbsp;&nbsp;&nbsp;<img alt="Failed tests" src="https://allurecharts.qameta.workers.dev/dot?type=failed&size=8" />&nbsp;<span>2</span>&nbsp;&nbsp;&nbsp;<img alt="Broken tests" src="https://allurecharts.qameta.workers.dev/dot?type=broken&size=8" />&nbsp;<span>1</span>&nbsp;&nbsp;&nbsp;<img alt="Skipped tests" src="https://allurecharts.qameta.workers.dev/dot?type=skipped&size=8" />&nbsp;<span>3</span> | 0 | 0 | 0 |  |"
`;

exports[`utils > generateSummaryMarkdownTable > should handle custom stats properties 1`] = `
"# Allure Report Summary
|  | Name | Duration | Stats | New | Flaky | Retry | Report |
|-|-|-|-|-|-|-|-|
| <img src="https://allurecharts.qameta.workers.dev/pie?passed=10&failed=2&broken=1&skipped=3&unknown=0&size=32" width="28px" height="28px" /> | Test Suite 6 | 1s 0ms | <img alt="Passed tests" src="https://allurecharts.qameta.workers.dev/dot?type=passed&size=8" />&nbsp;<span>10</span>&nbsp;&nbsp;&nbsp;<img alt="Failed tests" src="https://allurecharts.qameta.workers.dev/dot?type=failed&size=8" />&nbsp;<span>2</span>&nbsp;&nbsp;&nbsp;<img alt="Broken tests" src="https://allurecharts.qameta.workers.dev/dot?type=broken&size=8" />&nbsp;<span>1</span>&nbsp;&nbsp;&nbsp;<img alt="Skipped tests" src="https://allurecharts.qameta.workers.dev/dot?type=skipped&size=8" />&nbsp;<span>3</span> | 0 | 0 | 0 |  |"
`;

exports[`utils > generateSummaryMarkdownTable > should handle negative or zero duration 1`] = `
"# Allure Report Summary
|  | Name | Duration | Stats | New | Flaky | Retry | Report |
|-|-|-|-|-|-|-|-|
| <img src="https://allurecharts.qameta.workers.dev/pie?passed=10&failed=2&broken=1&skipped=3&unknown=0&size=32" width="28px" height="28px" /> | Test Suite 5 | 0s | <img alt="Passed tests" src="https://allurecharts.qameta.workers.dev/dot?type=passed&size=8" />&nbsp;<span>10</span>&nbsp;&nbsp;&nbsp;<img alt="Failed tests" src="https://allurecharts.qameta.workers.dev/dot?type=failed&size=8" />&nbsp;<span>2</span>&nbsp;&nbsp;&nbsp;<img alt="Broken tests" src="https://allurecharts.qameta.workers.dev/dot?type=broken&size=8" />&nbsp;<span>1</span>&nbsp;&nbsp;&nbsp;<img alt="Skipped tests" src="https://allurecharts.qameta.workers.dev/dot?type=skipped&size=8" />&nbsp;<span>3</span> | 0 | 0 | 0 |  |"
`;

exports[`utils > generateSummaryMarkdownTable > should handle zero broken stats 1`] = `
"# Allure Report Summary
|  | Name | Duration | Stats | New | Flaky | Retry | Report |
|-|-|-|-|-|-|-|-|
| <img src="https://allurecharts.qameta.workers.dev/pie?passed=1&failed=1&broken=0&skipped=1&unknown=1&size=32" width="28px" height="28px" /> | Test Suite 3 | 0s | <img alt="Passed tests" src="https://allurecharts.qameta.workers.dev/dot?type=passed&size=8" />&nbsp;<span>1</span>&nbsp;&nbsp;&nbsp;<img alt="Failed tests" src="https://allurecharts.qameta.workers.dev/dot?type=failed&size=8" />&nbsp;<span>1</span>&nbsp;&nbsp;&nbsp;<img alt="Skipped tests" src="https://allurecharts.qameta.workers.dev/dot?type=skipped&size=8" />&nbsp;<span>1</span>&nbsp;&nbsp;&nbsp;<img alt="Unknown tests" src="https://allurecharts.qameta.workers.dev/dot?type=unknown&size=8" />&nbsp;<span>1</span> | 0 | 0 | 0 |  |"
`;

exports[`utils > generateSummaryMarkdownTable > should handle zero failed stats 1`] = `
"# Allure Report Summary
|  | Name | Duration | Stats | New | Flaky | Retry | Report |
|-|-|-|-|-|-|-|-|
| <img src="https://allurecharts.qameta.workers.dev/pie?passed=1&failed=0&broken=1&skipped=1&unknown=1&size=32" width="28px" height="28px" /> | Test Suite 3 | 0s | <img alt="Passed tests" src="https://allurecharts.qameta.workers.dev/dot?type=passed&size=8" />&nbsp;<span>1</span>&nbsp;&nbsp;&nbsp;<img alt="Broken tests" src="https://allurecharts.qameta.workers.dev/dot?type=broken&size=8" />&nbsp;<span>1</span>&nbsp;&nbsp;&nbsp;<img alt="Skipped tests" src="https://allurecharts.qameta.workers.dev/dot?type=skipped&size=8" />&nbsp;<span>1</span>&nbsp;&nbsp;&nbsp;<img alt="Unknown tests" src="https://allurecharts.qameta.workers.dev/dot?type=unknown&size=8" />&nbsp;<span>1</span> | 0 | 0 | 0 |  |"
`;

exports[`utils > generateSummaryMarkdownTable > should handle zero passed stats 1`] = `
"# Allure Report Summary
|  | Name | Duration | Stats | New | Flaky | Retry | Report |
|-|-|-|-|-|-|-|-|
| <img src="https://allurecharts.qameta.workers.dev/pie?passed=0&failed=1&broken=1&skipped=1&unknown=1&size=32" width="28px" height="28px" /> | Test Suite 3 | 0s | <img alt="Failed tests" src="https://allurecharts.qameta.workers.dev/dot?type=failed&size=8" />&nbsp;<span>1</span>&nbsp;&nbsp;&nbsp;<img alt="Broken tests" src="https://allurecharts.qameta.workers.dev/dot?type=broken&size=8" />&nbsp;<span>1</span>&nbsp;&nbsp;&nbsp;<img alt="Skipped tests" src="https://allurecharts.qameta.workers.dev/dot?type=skipped&size=8" />&nbsp;<span>1</span>&nbsp;&nbsp;&nbsp;<img alt="Unknown tests" src="https://allurecharts.qameta.workers.dev/dot?type=unknown&size=8" />&nbsp;<span>1</span> | 0 | 0 | 0 |  |"
`;

exports[`utils > generateSummaryMarkdownTable > should handle zero skipped stats 1`] = `
"# Allure Report Summary
|  | Name | Duration | Stats | New | Flaky | Retry | Report |
|-|-|-|-|-|-|-|-|
| <img src="https://allurecharts.qameta.workers.dev/pie?passed=1&failed=1&broken=1&skipped=0&unknown=1&size=32" width="28px" height="28px" /> | Test Suite 3 | 0s | <img alt="Passed tests" src="https://allurecharts.qameta.workers.dev/dot?type=passed&size=8" />&nbsp;<span>1</span>&nbsp;&nbsp;&nbsp;<img alt="Failed tests" src="https://allurecharts.qameta.workers.dev/dot?type=failed&size=8" />&nbsp;<span>1</span>&nbsp;&nbsp;&nbsp;<img alt="Broken tests" src="https://allurecharts.qameta.workers.dev/dot?type=broken&size=8" />&nbsp;<span>1</span>&nbsp;&nbsp;&nbsp;<img alt="Unknown tests" src="https://allurecharts.qameta.workers.dev/dot?type=unknown&size=8" />&nbsp;<span>1</span> | 0 | 0 | 0 |  |"
`;

exports[`utils > generateSummaryMarkdownTable > should handle zero unknown stats 1`] = `
"# Allure Report Summary
|  | Name | Duration | Stats | New | Flaky | Retry | Report |
|-|-|-|-|-|-|-|-|
| <img src="https://allurecharts.qameta.workers.dev/pie?passed=1&failed=1&broken=1&skipped=1&unknown=0&size=32" width="28px" height="28px" /> | Test Suite 3 | 0s | <img alt="Passed tests" src="https://allurecharts.qameta.workers.dev/dot?type=passed&size=8" />&nbsp;<span>1</span>&nbsp;&nbsp;&nbsp;<img alt="Failed tests" src="https://allurecharts.qameta.workers.dev/dot?type=failed&size=8" />&nbsp;<span>1</span>&nbsp;&nbsp;&nbsp;<img alt="Broken tests" src="https://allurecharts.qameta.workers.dev/dot?type=broken&size=8" />&nbsp;<span>1</span>&nbsp;&nbsp;&nbsp;<img alt="Skipped tests" src="https://allurecharts.qameta.workers.dev/dot?type=skipped&size=8" />&nbsp;<span>1</span> | 0 | 0 | 0 |  |"
`;

exports[`utils > generateSummaryMarkdownTable > should return a table with header only for empty array 1`] = `
"# Allure Report Summary
|  | Name | Duration | Stats | New | Flaky | Retry | Report |
|-|-|-|-|-|-|-|-|"
`;

exports[`utils > generateSummaryMarkdownTable > shouldn't display link for non-existing flaky tests 1`] = `
"# Allure Report Summary
|  | Name | Duration | Stats | New | Flaky | Retry | Report |
|-|-|-|-|-|-|-|-|
| <img src="https://allurecharts.qameta.workers.dev/pie?passed=10&failed=2&broken=1&skipped=3&unknown=0&size=32" width="28px" height="28px" /> | Test Suite 1 | 5s 0ms | <img alt="Passed tests" src="https://allurecharts.qameta.workers.dev/dot?type=passed&size=8" />&nbsp;<span>10</span>&nbsp;&nbsp;&nbsp;<img alt="Failed tests" src="https://allurecharts.qameta.workers.dev/dot?type=failed&size=8" />&nbsp;<span>2</span>&nbsp;&nbsp;&nbsp;<img alt="Broken tests" src="https://allurecharts.qameta.workers.dev/dot?type=broken&size=8" />&nbsp;<span>1</span>&nbsp;&nbsp;&nbsp;<img alt="Skipped tests" src="https://allurecharts.qameta.workers.dev/dot?type=skipped&size=8" />&nbsp;<span>3</span> | <a href="https://example.com/report/?filter=new" target="_blank">1</a> | 0 | <a href="https://example.com/report/?filter=retry" target="_blank">1</a> | <a href="https://example.com/report/" target="_blank">View</a> |"
`;

exports[`utils > generateSummaryMarkdownTable > shouldn't display link for non-existing new tests 1`] = `
"# Allure Report Summary
|  | Name | Duration | Stats | New | Flaky | Retry | Report |
|-|-|-|-|-|-|-|-|
| <img src="https://allurecharts.qameta.workers.dev/pie?passed=10&failed=2&broken=1&skipped=3&unknown=0&size=32" width="28px" height="28px" /> | Test Suite 1 | 5s 0ms | <img alt="Passed tests" src="https://allurecharts.qameta.workers.dev/dot?type=passed&size=8" />&nbsp;<span>10</span>&nbsp;&nbsp;&nbsp;<img alt="Failed tests" src="https://allurecharts.qameta.workers.dev/dot?type=failed&size=8" />&nbsp;<span>2</span>&nbsp;&nbsp;&nbsp;<img alt="Broken tests" src="https://allurecharts.qameta.workers.dev/dot?type=broken&size=8" />&nbsp;<span>1</span>&nbsp;&nbsp;&nbsp;<img alt="Skipped tests" src="https://allurecharts.qameta.workers.dev/dot?type=skipped&size=8" />&nbsp;<span>3</span> | 0 | <a href="https://example.com/report/?filter=flaky" target="_blank">1</a> | <a href="https://example.com/report/?filter=retry" target="_blank">1</a> | <a href="https://example.com/report/" target="_blank">View</a> |"
`;

exports[`utils > generateSummaryMarkdownTable > shouldn't display link for non-existing retry tests 1`] = `
"# Allure Report Summary
|  | Name | Duration | Stats | New | Flaky | Retry | Report |
|-|-|-|-|-|-|-|-|
| <img src="https://allurecharts.qameta.workers.dev/pie?passed=10&failed=2&broken=1&skipped=3&unknown=0&size=32" width="28px" height="28px" /> | Test Suite 1 | 5s 0ms | <img alt="Passed tests" src="https://allurecharts.qameta.workers.dev/dot?type=passed&size=8" />&nbsp;<span>10</span>&nbsp;&nbsp;&nbsp;<img alt="Failed tests" src="https://allurecharts.qameta.workers.dev/dot?type=failed&size=8" />&nbsp;<span>2</span>&nbsp;&nbsp;&nbsp;<img alt="Broken tests" src="https://allurecharts.qameta.workers.dev/dot?type=broken&size=8" />&nbsp;<span>1</span>&nbsp;&nbsp;&nbsp;<img alt="Skipped tests" src="https://allurecharts.qameta.workers.dev/dot?type=skipped&size=8" />&nbsp;<span>3</span> | <a href="https://example.com/report/?filter=new" target="_blank">1</a> | <a href="https://example.com/report/?filter=flaky" target="_blank">1</a> | 0 | <a href="https://example.com/report/" target="_blank">View</a> |"
`;
